A1,0,12
B1,16,0
B2,0,6
B3,4,0
B4,0,3
B5,2,0
B6,0,0
