A1,666,0
B1,329,0
B2,0,163
B3,75,0
B4,40,0
B5,18,0
