A1,0,186
B1,94,0
B2,3,0
B3,0,3
B4,49,0
B5,0,1
B6,0,20
B7,6,0